// Jest Snapshot v1, https://goo.gl/fbAQLP

exports[`[AppView] [ui] add button click 1`] = `
"<li class=\\"list-group-item p-2\\"><div class=\\"row align-items-center\\">
  <div class=\\"col-1 view\\">
    <i class=\\"material-icons text-secondary icon-btn\\" id=\\"completed\\">check_box_outline_blank</i>
  </div>
  <div class=\\"col-8 view\\">
    <span class=\\"view title\\">dummy-add</span>
  </div>
  <div class=\\"col-9 view hidden\\">
    <input type=\\"text\\" class=\\"form-control form-control-sm\\" id=\\"edit-title\\" name=\\"edit-title\\" value=\\"dummy-add\\">
  </div>
  <div class=\\"col-3 text-right \\">
    <i class=\\"material-icons text-success icon-btn view\\" id=\\"edit\\">mode_edit</i>
    <i class=\\"material-icons text-danger icon-btn view\\" id=\\"delete\\">delete</i>
    <i class=\\"material-icons text-success icon-btn view hidden\\" id=\\"confirm\\">save</i>
    <i class=\\"material-icons text-warning icon-btn view hidden\\" id=\\"cancel\\">cancel</i>
  </div>
</div></li>"
`;

exports[`[AppView] init 1`] = `
"<div class=\\"alert alert-primary mt-2 text-center\\" role=\\"alert\\">
  TODO (webpack + Backbone.js)
</div>

<div class=\\"row align-items-center mb-2\\">
  <div class=\\"col-3 text-left\\">
    <i class=\\"material-icons text-secondary icon-btn all-toggle\\" id=\\"all-toggle\\">check_box_outline_blank</i>
    <span class=\\"all-toggle\\">All</span>
  </div>
  <div class=\\"col-9 text-right header-nav\\"><a href=\\"#all\\" class=\\"badge badge-success\\">All <span class=\\"badge badge-light text-primary\\">0</span></a>
<a href=\\"#notcompleted\\" id=\\"notcompleted\\" class=\\"badge badge-secondary\\">Not completed <span class=\\"badge badge-light text-primary\\">0</span></a>
<a href=\\"#completed\\" class=\\"badge badge-secondary\\">Completed <span class=\\"badge badge-light text-primary\\">0</span></a></div>
</div>

<div class=\\"card\\">
  <div class=\\"card-header bg-dark p-2\\">
    <div class=\\"row align-items-center\\">
      <div class=\\"col-9\\">
        <input type=\\"text\\" id=\\"title\\" name=\\"title\\" class=\\"form-control form-control-sm\\" placeholder=\\"todo\\" aria-describedby=\\"tip1\\" data-original-title=\\"\\" title=\\"\\">
        <!-- data-toggle=\\"popover\\" data-placement=\\"bottom\\" title=\\"Dismissible popover\\" data-content=\\"And\\" -->
      </div>
      <div class=\\"col-3 text-right\\">
        <i class=\\"material-icons text-success icon-btn\\" id=\\"add\\">playlist_add</i>
        <i class=\\"material-icons text-danger icon-btn\\" id=\\"completed-del\\">delete_sweep</i>
      </div>
    </div>
  </div>
  <ul class=\\"list-group list-group-flush\\" id=\\"list\\"></ul>
</div>"
`;
