// Jest Snapshot v1, https://goo.gl/fbAQLP

exports[`[TodoCollection] init 1`] = `Array []`;
